// Jest Snapshot v1, https://goo.gl/fbAQLP

exports[`renders correctly 1`] = `
<button
  className="btn btn-operation"
  onClick={[Function]}
  type="button"
>
  +
</button>
`;
